<T> <k> . </k> <lenv> .Map </lenv> <genv> ( Foo . four ) |-> 4 ( Foo . six ) |-> 6 </genv> <mod> Foo </mod> </T>
