<T> <k> . </k> <lenv> .Map </lenv> <genv> ( Foo . c1 ) |-> ( con Prelude . True .ValList ) ( Foo . c2 ) |-> ( con Prelude . False .ValList ) </genv> <mod> Foo </mod> <sym> .Map </sym> <gas> 9994 </gas> </T>
