<T> <k> . </k> <lenv> .Map </lenv> <genv> ( Foo . b1 ) |-> #ABCDEF ( Foo . b2 ) |-> #ABBB ( Foo . b3 ) |-> #123456 </genv> <mod> Foo </mod> <sym> .Map </sym> <gas> 9981 </gas> </T>
