<T> <k> . </k> <lenv> .Map </lenv> <genv> ( Foo . b1 ) |-> #23456 ( Foo . b2 ) |-> #3456 ( Foo . b3 ) |-> #456 </genv> <mod> Foo </mod> <sym> .Map </sym> <gas> 9991 </gas> </T>
