<T> <k> . </k> <lenv> .Map </lenv> <genv> ( Foo . r5 ) |-> ( con Prelude . True .ValList ) ( Foo . r2 ) |-> ( con Prelude . False .ValList ) ( Foo . r1 ) |-> ( con Prelude . True .ValList ) ( Foo . r6 ) |-> ( con Prelude . False .ValList ) </genv> <mod> Foo </mod> <sym> .Map </sym> <gas> 9978 </gas> </T>
