<T> <k> . </k> <lenv> .Map </lenv> <genv> ( Foo . result ) |-> ( failure ) </genv> <mod> Foo </mod> <sym> .Map </sym> <gas> 9999 </gas> </T>
