<T> <k> . </k> <lenv> .Map </lenv> <genv> ( Foo . result ) |-> closure ( .Map , x , x ) </genv> <mod> Foo </mod> <sym> .Map </sym> <gas> 9997 </gas> </T>
