<T> <k> . </k> <lenv> .Map </lenv> <genv> ( Foo . result ) |-> 40 </genv> <mod> Foo </mod> <sym> .Map </sym> <gas> 9976 </gas> </T>
