<T> <k> . </k> <lenv> .Map </lenv> <genv> ( Foo . result ) |-> ( con Nat . Pair 2  ( 3  .ValList ) ) </genv> <mod> Foo </mod> </T>
