<T> <k> . </k> <lenv> .Map </lenv> <genv> ( Foo . result ) |-> ( con Nat . Z .ValList ) </genv> <mod> Foo </mod> <sym> .Map </sym> <gas> 9996 </gas> </T>
