<T> <k> . </k> <lenv> .Map </lenv> <genv> ( Foo . result ) |-> 11 </genv> <mod> Foo </mod> <sym> .Map </sym> <gas> 9997 </gas> </T>
