<T> <k> . </k> <lenv> .Map </lenv> <genv> ( Foo . result ) |-> ( con Nat . Pair 2  ( 1  .ValList ) ) </genv> <mod> Foo </mod> <sym> .Map </sym> <gas> 9993 </gas> </T>
