<T> <k> . </k> <lenv> .Map </lenv> <genv> ( Foo . r4 ) |-> 35 ( Foo . r5 ) |-> #B ( Foo . r2 ) |-> 13 ( Foo . r3 ) |-> 30 ( Foo . r1 ) |-> 2 </genv> <mod> Foo </mod> <sym> .Map </sym> <gas> 9952 </gas> </T>
