<T> <k> . </k> <lenv> .Map </lenv> <genv> ( Foo . result ) |-> 0 </genv> <mod> Foo </mod> <sym> .Map </sym> <gas> 9998 </gas> </T>
