<T> <k> . </k> <lenv> .Map </lenv> <genv> ( Foo . result ) |-> #34bbdf1adad011d1feeb7c17864589b07af0cbc2759b0d402e248f55abc5bad9 </genv> <mod> Foo </mod> <sym> .Map </sym> <gas> 9999 </gas> </T>
