<T> <k> . </k> <lenv> .Map </lenv> <genv> ( Foo . result ) |-> ( success closure ( .Map , x , x ) ) </genv> <mod> Foo </mod> </T>
