<T>
  <k> . </k>
  <lenv> .Map </lenv>
  <genv> ( Foo . r1 ) |-> 15 ( Foo . r2 ) |-> 17 </genv>
  <modules>
    <module>
      <curr> 0 </curr>
      <name> Foo </name>
      <data> .TyExpList </data>
      <decl> r2  ( r1  .NameList ) </decl>
      <import> .ModNmList </import>
      <exportTy> .TyExpList </exportTy>
      <exportTm> .NameList </exportTm>
    </module>
  </modules>
</T>
