<T> <k> . </k> <lenv> .Map </lenv> <genv> ( Foo . r2 ) |-> 5 </genv> <mod> Foo </mod> </T>
