<T> <k> . </k> <lenv> .Map </lenv> <genv> ( Foo . result ) |-> ( con Bool . True .ValList ) </genv> <mod> Foo </mod> </T>
