<T> <k> . </k> <lenv> .Map </lenv> <genv> result |-> ( con Nat . True .ValList ) </genv> <sym> .Map </sym> </T>
