<T> <k> . </k> <lenv> .Map </lenv> <genv> ( Foo . result ) |-> 11 </genv> <mod> Foo </mod> </T>
