<T>
  <k>
    .
  </k>
  <lenv>
    .Map
  </lenv>
  <genv>
    Bar . r7 |-> ( con Prelude . True .ValList )
    Foo . r1 |-> ( con Prelude . True .ValList )
    Foo . r2 |-> ( con Prelude . False .ValList )
    Foo . r5 |-> ( con Prelude . True .ValList )
    Foo . r6 |-> ( con Prelude . False .ValList )
  </genv>
  <modules>
    ModuleCellSetItem ( <Module>
      <curr>
        0
      </curr>
      <name>
        Bar
      </name>
      <dataCons>
        .TyExpList
      </dataCons>
      <decl>
        .QualCList
      </decl>
      <importedModules>
        .ModNmList
      </importedModules>
      <exportTy>
        .TyExpList
      </exportTy>
      <exportTm>
        .QualCList
      </exportTm>
    </Module> ) ModuleCellSetItem ( <Module>
      <curr>
        0
      </curr>
      <name>
        Foo
      </name>
      <dataCons>
        .TyExpList
      </dataCons>
      <decl>
        .QualCList
      </decl>
      <importedModules>
        .ModNmList
      </importedModules>
      <exportTy>
        .TyExpList
      </exportTy>
      <exportTm>
        r1  .QualCList
      </exportTm>
    </Module> )
  </modules>
</T>
