<T>
  <k>
    .
  </k>
  <lenv>
    .Map
  </lenv>
  <genv>
    Foo . r1 |-> 2
    Foo . r2 |-> 13
    Foo . r3 |-> 30
    Foo . r4 |-> 35
    Foo . r5 |-> #B
  </genv>
  <modules>
    ModuleCellSetItem ( <Module>
      <curr>
        0
      </curr>
      <name>
        Foo
      </name>
      <dataCons>
        .TyExpList
      </dataCons>
      <decl>
        .QualCList
      </decl>
      <importedModules>
        .ModNmList
      </importedModules>
      <exportTy>
        .TyExpList
      </exportTy>
      <exportTm>
        .QualCList
      </exportTm>
    </Module> )
  </modules>
</T>
