<T> <k> . </k> <lenv> .Map </lenv> <genv> ( Foo . result ) |-> #e12e115acf4552b2568b55e93cbd39394c4ef81c82447fafc997882a02d23677 </genv> <mod> Foo </mod> </T>
