<T>
  <k>
    ( lam x  .VarList ( lam y  .VarList ( builtin addInteger x y ) ) ) ~> #freezer(define__)_PLUTUS-CORE-SYNTAX0_ ( add )
  </k>
</T>
