<generatedTop>
  <k>
    ( con 2 ! -95 )
  </k>
  <env>
    .Map
  </env>
  <store>
    .Map
  </store>
</generatedTop>
